{
  "exclude": {
    "files": "go.sum|^.secrets.baseline$",
    "lines": null
  },
  "generated_at": "2026-08-10T20:15:42Z",
  "plugins_used": [
    {
      "name": "AWSKeyDetector"
    },
    {
      "name": "ArtifactoryDetector"
    },
    {
      "name": "AzureStorageKeyDetector"
    },
    {
      "base64_limit": 4.5,
      "name": "Base64HighEntropyString"
    },
    {
      "name": "BasicAuthDetector"
    },
    {
      "name": "BoxDetector"
    },
    {
      "name": "CloudantDetector"
    },
    {
      "ghe_instance": "github.ibm.com",
      "name": "GheDetector"
    },
    {
      "name": "GitHubTokenDetector"
    },
    {
      "hex_limit": 3,
      "name": "HexHighEntropyString"
    },
    {
      "name": "IbmCloudIamDetector"
    },
    {
      "name": "IbmCosHmacDetector"
    },
    {
      "name": "JwtTokenDetector"
    },
    {
      "keyword_exclude": null,
      "name": "KeywordDetector"
    },
    {
      "name": "MailchimpDetector"
    },
    {
      "name": "NpmDetector"
    },
    {
      "name": "PrivateKeyDetector"
    },
    {
      "name": "SlackDetector"
    },
    {
      "name": "SoftlayerDetector"
    },
    {
      "name": "SquareOAuthDetector"
    },
    {
      "name": "StripeDetector"
    },
    {
      "name": "TwilioKeyDetector"
    }
  ],
  "results": {
    "README.md": [
      {
        "hashed_secret": "93fcbf4c3221f6e6fc21e07ec6e87ad94e60bd26",
        "is_secret": false,
        "is_verified": false,
        "line_number": 37,
        "type": "Secret Keyword",
        "verified_result": null
      },
      {
        "hashed_secret": "0b60828897517e2b8013af62b288e055bf0d095d",
        "is_secret": false,
        "is_verified": false,
        "line_number": 128,
        "type": "Secret Keyword",
        "verified_result": null
      },
      {
        "hashed_secret": "05672043f03564fec5403ccfc5a42d2dfc4b5300",
        "is_secret": false,
        "is_verified": false,
        "line_number": 400,
        "type": "Secret Keyword",
        "verified_result": null
      }
    ],
    "dedicated/README.md": [
      {
        "hashed_secret": "63fd038655cf061dee83085f8d902d1045300b36",
        "is_secret": false,
        "is_verified": false,
        "line_number": 73,
        "type": "Secret Keyword",
        "verified_result": null
      }
    ],
    "dedicated/client_test.go": [
      {
        "hashed_secret": "3acfb2c2b433c0ea7ff107e33df91b18e52f960f",
        "is_secret": false,
        "is_verified": false,
        "line_number": 116,
        "type": "Secret Keyword",
        "verified_result": null
      },
      {
        "hashed_secret": "1f5e25be9b575e9f5d39c82dfd1d9f4d73f1975c",
        "is_secret": false,
        "is_verified": false,
        "line_number": 165,
        "type": "Secret Keyword",
        "verified_result": null
      },
      {
        "hashed_secret": "f75b33f87ffeacb3a4f793a09693e672e07449ff",
        "is_secret": false,
        "is_verified": false,
        "line_number": 1087,
        "type": "Secret Keyword",
        "verified_result": null
      }
    ],
    "iam/iam.go": [
      {
        "hashed_secret": "f75b33f87ffeacb3a4f793a09693e672e07449ff",
        "is_secret": false,
        "is_verified": false,
        "line_number": 51,
        "type": "Secret Keyword",
        "verified_result": null
      },
      {
        "hashed_secret": "3e4bdbe0b80e63c22b178576e906810777387b50",
        "is_secret": false,
        "is_verified": false,
        "line_number": 120,
        "type": "Secret Keyword",
        "verified_result": null
      }
    ],
    "ibmkeyprotectapiv2/ibm_key_protect_api_v2_examples_test.go": [
      {
        "hashed_secret": "811424347556b661512671f7a53aafa6aaf03ca2",
        "is_secret": false,
        "is_verified": false,
        "line_number": 79,
        "type": "Secret Keyword",
        "verified_result": null
      }
    ],
    "ibmkeyprotectapiv2/ibm_key_protect_api_v2_integration_test.go": [
      {
        "hashed_secret": "4711f50a26d6945585138f0b3104b2fd45f15585",
        "is_secret": false,
        "is_verified": false,
        "line_number": 101,
        "type": "Secret Keyword",
        "verified_result": null
      }
    ],
    "ibmkeyprotectapiv2/ibm_key_protect_api_v2_test.go": [
      {
        "hashed_secret": "1f5e25be9b575e9f5d39c82dfd1d9f4d73f1975c",
        "is_secret": false,
        "is_verified": false,
        "line_number": 60,
        "type": "Secret Keyword",
        "verified_result": null
      },
      {
        "hashed_secret": "86f528ff713b453058af8e761eac1ab0be09646f",
        "is_secret": false,
        "is_verified": false,
        "line_number": 12082,
        "type": "Base64 High Entropy String",
        "verified_result": null
      }
    ]
  },
  "version": "0.13.1+ibm.64.dss",
  "word_list": {
    "file": null,
    "hash": null
  }
}
